
> temp_app@0.1.0 build
> next build

▲ Next.js 16.2.6 (Turbopack)
- Environments: .env

  Creating an optimized production build ...
✓ Compiled successfully in 12.7s
  Running TypeScript ...
Failed to type check.

.next/dev/types/validator.ts:324:31
Type error: Type 'typeof import("e:/New folder (2)/bffp/src/app/api/certificate/image/[certificateId]/route")' does not satisfy the constraint 'RouteHandlerConfig<"/api/certificate/image/[certificateId]">'.
  Types of property 'GET' are incompatible.
    Type '(request: NextRequest, context: { params: { certificateId: string; }; }) => Promise<Response>' is not assignable to type '(request: NextRequest, context: { params: Promise<{ certificateId: string; }>; }) => void | Response | Promise<void | Response>'.
      Types of parameters 'context' and 'context' are incompatible.
        Type '{ params: Promise<{ certificateId: string; }>; }' is not assignable to type '{ params: { certificateId: string; }; }'.
          Types of property 'params' are incompatible.
            Property 'certificateId' is missing in type 'Promise<{ certificateId: string; }>' but required in type '{ certificateId: string; }'.

  [90m322 |[0m   [36mtype[0m __IsExpected<[33mSpecific[0m [36mextends[0m [33mRouteHandlerConfig[0m<[32m"/api/certificate/image/[certific...[0m
  [90m323 |[0m   [36mconst[0m handler = {} [36mas[0m [36mtypeof[0m [36mimport[0m([32m"../../../src/app/api/certificate/image/[certificat...[0m
[31m[1m>[0m [90m324 |[0m   [36mtype[0m __Check = __IsExpected<[36mtypeof[0m handler>
  [90m    |[0m                               [31m[1m^[0m
  [90m325 |[0m   [90m// @ts-ignore[0m
  [90m326 |[0m   [36mtype[0m __Unused = __Check
  [90m327 |[0m }
Next.js build worker exited with code: 1 and signal: null
